// Jest Snapshot v1, https://goo.gl/fbAQLP

exports[`test todo component should take snapshot 1`] = `
<div>
  <h1
    data-testid="h1Test"
  >
     Loading...
  </h1>
</div>
`;
